jidctint.c:143:1:jpeg_idct_islow	320	static
jidctint.c:408:1:jpeg_idct_7x7	264	static
jidctint.c:559:1:jpeg_idct_6x6	192	static
jidctint.c:682:1:jpeg_idct_5x5	144	static
jidctint.c:799:1:jpeg_idct_4x4	104	static
jidctint.c:906:1:jpeg_idct_3x3	72	static
jidctint.c:997:1:jpeg_idct_2x2	20	static
jidctint.c:1052:1:jpeg_idct_1x1	0	static
jidctint.c:1083:1:jpeg_idct_9x9	352	static
jidctint.c:1256:1:jpeg_idct_10x10	384	static
jidctint.c:1453:1:jpeg_idct_11x11	432	static
jidctint.c:1649:1:jpeg_idct_12x12	464	static
jidctint.c:1867:1:jpeg_idct_13x13	512	static
jidctint.c:2097:1:jpeg_idct_14x14	544	static
jidctint.c:2325:1:jpeg_idct_15x15	576	static
jidctint.c:2569:1:jpeg_idct_16x16	608	static
jidctint.c:2832:1:jpeg_idct_16x8	360	static
jidctint.c:3109:1:jpeg_idct_14x7	312	static
jidctint.c:3308:1:jpeg_idct_12x6	264	static
jidctint.c:3488:1:jpeg_idct_10x5	224	static
jidctint.c:3653:1:jpeg_idct_8x4	184	static
jidctint.c:3813:1:jpeg_idct_6x3	112	static
jidctint.c:3927:1:jpeg_idct_4x2	64	static
jidctint.c:4018:1:jpeg_idct_2x1	12	static
jidctint.c:4060:1:jpeg_idct_8x16	608	static
jidctint.c:4284:1:jpeg_idct_7x14	480	static
jidctint.c:4471:1:jpeg_idct_6x12	368	static
jidctint.c:4639:1:jpeg_idct_5x10	264	static
jidctint.c:4795:1:jpeg_idct_4x8	184	static
jidctint.c:4982:1:jpeg_idct_3x6	112	static
jidctint.c:5090:1:jpeg_idct_2x4	72	static
jidctint.c:5177:1:jpeg_idct_1x2	8	static
