80dffe00 T _NOR_BOOT_CFG
80dffe00 T __image_copy_start
80dffe00 T _start
80e00020 t _undefined_instruction
80e00024 t _software_interrupt
80e00028 t _prefetch_abort
80e0002c t _data_abort
80e00030 t _not_used
80e00034 t _irq
80e00038 t _fiq
80e00040 T _TEXT_BASE
80e00044 T _bss_start_ofs
80e00048 T _bss_end_ofs
80e0004c T _end_ofs
80e00050 T IRQ_STACK_START
80e00054 T FIQ_STACK_START
80e00058 T IRQ_STACK_START_IN
80e0005c t reset
80e00084 T c_runtime_cpu_setup
80e00088 t cpu_init_crit
80e0008c t flush_dcache
80e000e0 t undefined_instruction
80e00140 t software_interrupt
80e001a0 t prefetch_abort
80e00200 t data_abort
80e00260 t not_used
80e002c0 t irq
80e00300 t irq_handler_check_status
80e0032c t irq_handler_exit
80e00340 t fiq
80e0038c T timer_init
80e003ac T get_ticks
80e00400 T get_timer_masked
80e0041c T get_timer
80e00430 T udelay_masked
80e004dc T __udelay
80e004e0 T clk_get_core_pll_freq
80e00518 T get_vclk
80e00540 T get_asic_freq
80e00568 t l2_frac_dma
80e00618 t l2_get_addr
80e00678 t l2_cpu
80e00894 T l2_init
80e008e4 T l2_get_status
80e00918 T l2_combuf_cpu
80e00a08 T l2_combuf_cpu_frac
80e00a28 T l2_combuf_dma
80e00c18 T l2_set_status
80e00c54 T l2_clr_status
80e00c88 t l2_clear_dma
80e00d88 T l2_combuf_wait_dma_finish
80e00ef0 T l2_alloc
80e01044 T l2_free
80e01128 T ak39_soft_reset
80e01190 T ak_soft_reset
80e01194 t default_isr
80e011a4 T ak_do_irq
80e011bc T ak_irq_install_handler
80e011f0 T ak_arch_interrupt_init
80e01220 T cleanup_before_linux
80e01240 T flush_dcache_all
80e01254 T flush_dcache_range
80e01290 T flush_cache
80e01298 T __l2_cache_disable
80e01298 W l2_cache_disable
80e0129c T _main
80e012dc t here
80e012ec t clbss_l
80e01320 T relocate_code
80e01330 t copy_loop
80e01348 t fixloop
80e01368 t fixnext
80e01370 t relocate_done
80e01384 T __arch_cpu_init
80e01384 W arch_cpu_init
80e0138c t display_banner
80e013ac t init_baudrate
80e013d8 t mark_bootstage
80e013ec T __coloured_LED_init
80e013ec W coloured_LED_init
80e013f0 T __red_led_on
80e013f0 W red_led_on
80e013f4 T __dram_init_banksize
80e013f4 W dram_init_banksize
80e01410 T __power_init_board
80e01410 W power_init_board
80e01418 T board_init_f
80e0155c T board_init_r
80e016cc t boot_jump_linux
80e01784 T arch_lmb_reserve
80e017a8 W setup_board_tags
80e017ac t boot_prep_linux
80e018b8 T do_bootm_linux
80e01914 T interrupt_init
80e01954 T enable_interrupts
80e01964 T disable_interrupts
80e01980 T bad_mode
80e01990 T show_regs
80e01acc T do_undefined_instruction
80e01aec T do_software_interrupt
80e01b0c T do_prefetch_abort
80e01b2c T do_data_abort
80e01b4c T do_not_used
80e01b6c T do_fiq
80e01b8c T do_reset
80e01bc0 T __enable_caches
80e01bc0 W enable_caches
80e01bc4 t cp_delay
80e01bf4 T icache_disable
80e01c10 T dcache_disable
80e01c38 T jpeg_decode
80e01d18 T jpeg_CreateDecompress
80e01e1c T jpeg_destroy_decompress
80e01e20 T jpeg_consume_input
80e02130 T jpeg_read_header
80e021ac T jpeg_finish_decompress
80e02290 t output_pass_setup
80e0237c T jpeg_start_decompress
80e02488 T jpeg_read_scanlines
80e02550 T jpeg_abort
80e02594 T jpeg_destroy
80e025c0 T jpeg_alloc_quant_table
80e025e4 T jpeg_alloc_huff_table
80e02608 t prepare_for_output_pass
80e027d8 t finish_output_pass
80e02808 t use_merged_upsample
80e02900 T jpeg_calc_output_dimensions
80e02b1c T jinit_master_decompress
80e02e70 t finish_input_pass
80e02e98 t reset_input_controller
80e02ee8 t start_input_pass
80e03158 t start_input_pass
80e03164 t consume_markers
80e0369c T jpeg_core_output_dimensions
80e03928 T jinit_input_controller
80e03990 t process_data_simple_main
80e03a10 t process_data_context_main
80e03d68 t process_data_crank_post
80e03d90 t start_pass_main
80e03f28 T jinit_d_main_controller
80e040d4 t start_iMCU_row
80e04118 t dummy_consume_data
80e04120 t consume_data
80e042fc t decompress_data
80e0449c t start_output_pass
80e045e8 t decompress_onepass
80e04854 t decompress_smooth_data
80e04f58 T jinit_d_coef_controller
80e050a4 t start_pass_dpost
80e05198 t post_process_1pass
80e05224 t post_process_prepass
80e0530c t post_process_2pass
80e053dc T jinit_d_post_controller
80e054a0 t get_sof
80e0589c t examine_app0
80e05adc t skip_variable
80e05bb0 t next_marker
80e05cf4 t reset_marker_reader
80e05d1c t get_dht
80e06074 t read_markers
80e07388 t examine_app14
80e07460 t get_interesting_appn
80e075c0 t read_restart_marker
80e07664 T jpeg_resync_to_restart
80e07774 T jinit_marker_reader
80e07804 t jpeg_fill_bit_buffer
80e07940 t jpeg_huff_decode
80e07a34 t finish_pass_huff
80e07a64 t process_restart
80e07ad0 t process_restart
80e07bc8 t decode_mcu_DC_first
80e07df4 t decode_mcu_DC_first
80e07fe8 t decode_mcu_AC_first
80e08234 t decode_mcu_AC_first
80e0841c t decode_mcu_DC_refine
80e08520 t decode_mcu_DC_refine
80e085a8 t decode_mcu_AC_refine
80e089c4 t decode_mcu_AC_refine
80e08b80 t decode_mcu_sub
80e09038 t decode_mcu
80e094e0 t decode_mcu
80e09840 t jpeg_make_d_derived_tbl
80e09b60 t start_pass_huff_decoder
80e0a0cc T jinit_huff_decoder
80e0a19c t get_byte
80e0a1fc t arith_decode
80e0a348 t finish_pass
80e0a34c t start_pass
80e0a710 t start_pass
80e0ac88 T jinit_arith_decoder
80e0ad3c T jinit_inverse_dct
80e0adc0 T jpeg_idct_islow
80e0b314 T jpeg_idct_7x7
80e0b6e0 T jpeg_idct_6x6
80e0b950 T jpeg_idct_5x5
80e0bb7c T jpeg_idct_4x4
80e0bd20 T jpeg_idct_3x3
80e0be5c T jpeg_idct_2x2
80e0bf1c T jpeg_idct_1x1
80e0bf54 T jpeg_idct_9x9
80e0c3c0 T jpeg_idct_10x10
80e0c870 T jpeg_idct_11x11
80e0ceb4 T jpeg_idct_12x12
80e0d43c T jpeg_idct_13x13
80e0dbb4 T jpeg_idct_14x14
80e0e288 T jpeg_idct_15x15
80e0e9b0 T jpeg_idct_16x16
80e0f218 T jpeg_idct_16x8
80e0f930 T jpeg_idct_14x7
80e0feb8 T jpeg_idct_12x6
80e102ec T jpeg_idct_10x5
80e1066c T jpeg_idct_8x4
80e10970 T jpeg_idct_6x3
80e10b48 T jpeg_idct_4x2
80e10c7c T jpeg_idct_2x1
80e10ce4 T jpeg_idct_8x16
80e1135c T jpeg_idct_7x14
80e11898 T jpeg_idct_6x12
80e11c84 T jpeg_idct_5x10
80e12000 T jpeg_idct_4x8
80e12374 T jpeg_idct_3x6
80e12540 T jpeg_idct_2x4
80e1266c T jpeg_idct_1x2
80e126d4 T jpeg_idct_ifast
80e12b00 T jpeg_idct_float
80e13140 t start_pass_upsample
80e13158 t sep_upsample
80e13274 t fullsize_upsample
80e1327c t noop_upsample
80e13288 t h2v1_upsample
80e132d0 t int_upsample
80e13378 t h2v2_upsample
80e133f0 T jinit_upsampler
80e13600 t build_ycc_rgb_table
80e13704 t ycc_rgb_convert
80e137ec t rgb_gray_convert
80e13878 t rgb1_rgb_convert
80e138f8 t rgb1_gray_convert
80e139a0 t rgb_convert
80e13a10 t null_convert
80e13a7c t gray_rgb_convert
80e13ad0 t ycck_cmyk_convert
80e13bdc t start_pass_dcolor
80e13be0 t grayscale_convert
80e13c10 T jinit_color_deconverter
80e14050 t start_pass_merged_upsample
80e14068 t merged_1v_upsample
80e140ac t h2v1_merged_upsample
80e14228 t h2v2_merged_upsample
80e14440 t merged_2v_upsample
80e14528 T jinit_merged_upsampler
80e147cc t color_quantize
80e14858 t color_quantize3
80e148c4 t quantize3_ord_dither
80e149d0 t alloc_fs_workspace
80e14a24 t finish_pass_1_quant
80e14a28 t new_color_map_1_quant
80e14a3c t quantize_fs_dither
80e14c98 t quantize_ord_dither
80e14da4 t create_colorindex
80e14efc t start_pass_1_quant
80e15108 T jinit_1pass_quantizer
80e15468 t prescan_quantize
80e154ec t init_error_limit
80e15590 t finish_pass2
80e15594 t new_color_map_2_quant
80e155a4 t start_pass_2_quant
80e15718 t update_box.isra.0
80e15ad0 t fill_inverse_cmap
80e15ec0 t pass2_no_dither
80e15f8c t pass2_fs_dither
80e162cc t finish_pass1
80e166b0 T jinit_2pass_quantizer
80e1683c t init_mem_source
80e16840 t fill_mem_input_buffer
80e16880 t skip_input_data
80e168cc t term_source
80e168d0 T jpeg_mem_src
80e1696c t emit_message
80e169cc t reset_error_mgr
80e169e0 t format_message
80e16ad8 t output_message
80e16b08 t error_exit
80e16b28 T jpeg_std_error
80e16b98 t out_of_memory
80e16bb4 t do_barray_io
80e16c70 t alloc_small
80e16dbc t request_virt_barray
80e16e38 t request_virt_sarray
80e16eb4 t free_pool
80e16ff4 t self_destruct
80e17034 t access_virt_barray
80e171fc t alloc_large
80e172ac t alloc_barray
80e17368 t alloc_sarray
80e17424 t realize_virt_arrays
80e17628 t access_virt_sarray
80e17938 T jinit_memory_mgr
80e17a4c T jdiv_round_up
80e17a60 T jround_up
80e17a7c T jcopy_sample_rows
80e17ab0 T jcopy_block_row
80e17ac4 T jpeg_get_small
80e17acc T jpeg_free_small
80e17ad4 T jpeg_get_large
80e17adc T jpeg_free_large
80e17ae4 T jpeg_mem_available
80e17aec T jpeg_open_backing_store
80e17b00 T jpeg_mem_init
80e17b08 T jpeg_mem_term
80e17b0c W do_go_exec
80e17b1c t do_go
80e17b88 W arch_preboot_os
80e17b88 t __arch_preboot_os
80e17b8c t do_bootm_states.isra.16.constprop.17
80e18430 T do_bootm
80e18520 T bootm_maybe_autostart
80e18598 T do_fat_fsload
80e185b0 t do_fat_ls
80e185c8 t do_fat_fsinfo
80e18658 t fdt_valid
80e18750 t is_printable_string
80e187e8 t print_data
80e1896c T set_working_fdt_addr
80e18988 t do_fdt
80e199cc t do_help
80e19a14 t do_mem_base
80e19a54 t do_mem_mw
80e19b38 t do_mem_cmp
80e19c94 t do_mem_loop
80e19d80 t do_mem_md
80e19e6c t do_mem_cp
80e19f9c T do_mem_crc
80e1a038 t mod_mem.isra.3
80e1a1c8 t do_mem_mm
80e1a1d0 t do_mem_nm
80e1a1d8 t do_mmcops
80e1a674 t do_mmcinfo
80e1a824 t part_delall
80e1a868 t memsize_parse
80e1a8e8 t memsize_format
80e1a97c t generate_mtdparts_save.constprop.7
80e1ac84 t device_delall.constprop.9
80e1ace8 t get_mtd_info.constprop.10
80e1ad60 t part_validate
80e1b0c0 T device_find
80e1b10c T mtd_id_parse
80e1b228 T mtd_part_info
80e1b2c0 T find_dev_and_part
80e1b470 t index_partitions
80e1b52c t current_save
80e1b5e8 t mtd_devices_init
80e1b614 t device_del
80e1b690 t part_sort_add
80e1b7ac t device_parse
80e1bd94 T mtdparts_init
80e1c40c t do_chpart
80e1c4e0 t do_mtdparts
80e1cacc t netboot_common
80e1cd90 t do_bootp
80e1cd9c T do_tftpb
80e1cddc t do_ping
80e1ce58 t do_env_delete
80e1cef4 t do_env_save
80e1cf08 t do_env
80e1cf6c t env_print
80e1d02c t do_env_print
80e1d0f4 t do_env_import
80e1d33c t do_env_default
80e1d3e4 t _do_env_set.isra.0
80e1d59c t do_env_set
80e1d5b8 T get_env_id
80e1d5c8 T setenv
80e1d620 T setenv_ulong
80e1d640 T setenv_hex
80e1d674 t do_env_export
80e1d8e0 T envmatch
80e1d94c T getenv_f
80e1da14 T getenv
80e1da8c T getenv_hex
80e1dac8 T getenv_ulong
80e1daf8 t partitions_mtdparts_parse
80e1dcc0 t upgrade_progress_bar_draw.part.0.constprop.7
80e1dde8 T lcd_string_draw
80e1dea4 T do_sd_upgrade
80e1e518 t spi_flash_fat32_blk_read
80e1e55c t spi_flash_fat32_blk_write
80e1e5c8 t spi_flash_fat32_blk_erase
80e1e60c t do_spi_flash_probe
80e1e798 t show_time
80e1e88c t spi_test_next_stage
80e1e8d0 t do_spi_flash
80e1f0b8 T spi_get_dev
80e1f314 t do_version
80e1f34c T find_cmd_tbl
80e1f3f0 T find_cmd
80e1f418 T cmd_usage
80e1f478 T _do_help
80e1f5f8 T var_complete
80e1f674 T cmd_auto_complete
80e1fae4 T cmd_get_data_size
80e1fb40 T cmd_process
80e1fbfc t console_setfile
80e1fca0 T fgetc
80e1fcc4 T ftstc
80e1fce8 T getc
80e1fd0c T tstc
80e1fd30 T putc
80e1fd60 T puts
80e1fd90 T printf
80e1fddc T vprintf
80e1fe18 T ctrlc
80e1fe70 T disable_ctrlc
80e1fe88 T had_ctrlc
80e1fe98 T clear_ctrlc
80e1feac T search_device
80e1fed4 T console_assign
80e1ff1c t on_console
80e1ffdc T console_init_f
80e1ffec T stdio_print_current_devices
80e2009c T console_init_r
80e2017c T sbrk
80e201ec T mem_malloc_init
80e2022c T malloc_trim
80e202f8 T free
80e2052c T malloc
80e20b38 T calloc
80e20c0c T memalign
80e20d18 T env_attr_walk
80e20e28 T env_attr_lookup
80e20fb4 t clear_callback
80e20fc4 t find_env_callback
80e2102c t on_callbacks
80e21074 t set_callback
80e21108 T env_callback_init
80e211a8 W env_get_char_spec
80e211a8 t __env_get_char_spec
80e211b4 T env_get_addr
80e211d4 T env_get_char_memory
80e211e4 T env_get_char
80e21214 T getenv_yesno
80e21254 T getenv_default
80e21284 T set_default_env
80e21330 T set_default_vars
80e21368 T env_import
80e21538 T env_relocate
80e21568 T env_complete
80e21650 t skip_num
80e216c0 t clear_flags
80e216d0 t on_flags
80e21718 T env_flags_parse_vartype
80e21768 T env_flags_parse_varaccess
80e217c0 t set_flags
80e2186c T env_flags_init
80e2191c T env_flags_validate
80e21c3c T saveenv
80e21dcc T env_relocate_spec
80e21e70 T env_init
80e21e8c t dummy
80e21e90 T get_version
80e21e98 T jumptable_init
80e22028 t get_cells_len
80e22078 T fdt_initrd
80e22260 T fdt_chosen
80e2236c T fdt_fixup_memory_banks
80e225c4 T fdt_fixup_memory
80e225e4 T fdt_resize
80e226f4 T addr2info
80e22740 T flash_write
80e22894 T flash_perror
80e2297c t fdt_error
80e229a8 T boot_fdt_add_mem_rsv_regions
80e22a30 T boot_relocate_fdt
80e22bbc T boot_get_fdt
80e22e84 W ft_verify_fdt
80e22e8c T image_setup_libfdt
80e22f9c t on_loadaddr
80e22fd4 T image_check_hcrc
80e23034 T image_check_dcrc
80e23094 T image_multi_count
80e230b0 T image_multi_getimg
80e23158 T getenv_bootm_low
80e23188 T getenv_bootm_size
80e231e4 T getenv_bootm_mapsize
80e23214 T memmove_wd
80e23220 T genimg_print_size
80e23250 T get_table_entry_name
80e2327c T genimg_get_os_name
80e23294 T genimg_get_arch_name
80e232ac T genimg_get_type_name
80e232c4 T genimg_get_comp_name
80e232dc T image_print_contents
80e2348c T genimg_get_format
80e234d8 T genimg_get_image
80e234dc T genimg_has_config
80e234e4 T boot_get_ramdisk
80e23748 T boot_ramdisk_high
80e23878 T image_setup_linux
80e23904 T lcd_get_size
80e23948 T lcd_sync
80e23988 T drv_lcd_init
80e23ae4 T lcd_clear
80e23b68 t do_lcd_clear
80e23b78 T lcd_setmem
80e23bbc t delete_char.part.1
80e23c8c t cread_add_char
80e23d74 T __show_boot_progress
80e23d74 W show_boot_progress
80e23d78 T readline_into_buffer
80e24728 T readline
80e2473c T parse_line
80e247c4 t builtin_run_command
80e24b08 T run_command
80e24b20 T run_command_list
80e24c0c T main_loop
80e24ef8 T do_run
80e24f70 T get_ram_size
80e25054 T stdio_get_list
80e25060 T stdio_get_by_name
80e250bc T stdio_clone
80e250f4 T stdio_register
80e25130 T stdio_init
80e251c0 T get_dev
80e25234 T dev_print
80e25450 T init_part
80e25470 T print_part
80e25564 T get_partition_info
80e2558c T get_device
80e25610 T get_device_and_partition
80e25a50 t test_block_type
80e25b4c t print_partition_extended
80e25e0c t get_partition_info_extended.constprop.2
80e260a4 T test_part_dos
80e26138 T print_part_dos
80e2616c T get_partition_info_dos
80e26258 T gpio_set_pin_level
80e262b8 T gpio_set_pin_dir
80e262fc T gpio_direction_output
80e26324 T gpio_set_pin_as_gpio
80e263b8 t mmc_set_capacity
80e26464 W board_mmc_getwp
80e2646c T mmc_getwp
80e264a0 T __board_mmc_getcd
80e264a0 W board_mmc_getcd
80e264a8 T mmc_send_cmd
80e264b0 t mmc_go_idle
80e264d8 t mmc_send_op_cond_iter
80e26558 t mmc_send_ext_csd
80e265a4 T mmc_send_status
80e26668 t mmc_switch.isra.1
80e266bc T mmc_set_blocklen
80e266ec T find_mmc_device
80e26738 t mmc_bread
80e2688c T mmc_complete_op_cond
80e26918 T mmc_switch_part
80e26964 T mmc_getcd
80e26998 T mmc_set_clock
80e269d8 t mmc_startup
80e27564 T mmc_register
80e275ec T mmc_start_init
80e27854 T mmc_init
80e278e4 T mmc_get_dev
80e27910 T print_mmc_devices
80e27978 T get_mmc_num
80e27988 T mmc_initialize
80e27aa8 t ak_mmc_getcd
80e27ab0 t ak_mmc_getwp
80e27adc t ak_mmc_setup_gpio_in
80e27b28 t send_cmd.isra.3
80e27bc8 t ak_set_clock.isra.0.constprop.11
80e27c34 t ak_mmc_init_setup
80e27e48 t ak_mmc_send_cmd
80e28120 t ak_mmc_set_ios
80e281c4 T ak_sdhsmmc_init
80e28374 T sd_init_info
80e28508 T mmc_berase
80e286a0 T mmc_bwrite
80e28800 T add_mtd_device
80e28888 T get_mtd_device_nm
80e288f4 t spi_flash_read_write
80e28968 T spi_flash_cmd_read
80e28988 T spi_flash_cmd
80e289b4 T spi_flash_cmd_write
80e289d4 T spi_flash_probe
80e28fe0 T spi_flash_free
80e28ffc t spi_flash_addr
80e2902c T spi_flash_cmd_wait_ready
80e29104 T show_spi_flash_reg
80e2913c T spi_flash_quad_mode_enable
80e291a4 T spi_flash_write_common
80e29244 T spi_flash_gd25q128c_cmd_write_status
80e292bc T spi_flash_cmd_write_status
80e29394 T spi_flash_xmc_cmd_write_status
80e293c0 t spi_flash_cmd_bankaddr_write
80e29414 T spi_flash_write_common_volatile
80e294b4 T spi_flash_winbond_cmd_write_status_volatile
80e2956c T spi_flash_cmd_erase_ops
80e297fc T spi_flash_read_common
80e29858 T spi_flash_cmd_read_status
80e29930 T spi_flash_xmc_cmd_read_status
80e29a08 T spi_flash_write_extra
80e29af4 T spi_flash_cmd_write_ops_extra
80e29bdc T spi_flash_read_extra
80e29c7c T spi_flash_cmd_read_ops_extra
80e29da8 t serial_init_dev
80e29e6c T akserial0_init
80e29e74 T akserial1_init
80e29e7c T akserial1_setbrg
80e29e80 T akserial0_setbrg
80e29e84 T _serial_getc
80e29f40 T akserial0_getc
80e29f48 T akserial1_getc
80e29f50 T _serial_putc
80e29fc0 T akserial0_putc
80e29fc8 T akserial1_putc
80e29fd0 T _serial_tstc
80e2a010 T akserial0_tstc
80e2a018 T akserial1_tstc
80e2a020 T _serial_puts
80e2a060 T akserial0_puts
80e2a068 T akserial1_puts
80e2a070 W default_serial_console
80e2a07c T ak39_serial_initialize
80e2a09c t get_current
80e2a0dc W altera_jtag_serial_initialize
80e2a0dc W altera_serial_initialize
80e2a0dc W amirix_serial_initialize
80e2a0dc W arm_dcc_initialize
80e2a0dc W asc_serial_initialize
80e2a0dc W atmel_serial_initialize
80e2a0dc W au1x00_serial_initialize
80e2a0dc W bfin_jtag_initialize
80e2a0dc W bfin_serial_initialize
80e2a0dc W bmw_serial_initialize
80e2a0dc W clps7111_serial_initialize
80e2a0dc W cogent_serial_initialize
80e2a0dc W cpci750_serial_initialize
80e2a0dc W evb64260_serial_initialize
80e2a0dc W imx_serial_initialize
80e2a0dc W iop480_serial_initialize
80e2a0dc W ixp_serial_initialize
80e2a0dc W jz_serial_initialize
80e2a0dc W ks8695_serial_initialize
80e2a0dc W leon2_serial_initialize
80e2a0dc W leon3_serial_initialize
80e2a0dc W lh7a40x_serial_initialize
80e2a0dc W lpc32xx_serial_initialize
80e2a0dc W marvell_serial_initialize
80e2a0dc W max3100_serial_initialize
80e2a0dc W mcf_serial_initialize
80e2a0dc W ml2_serial_initialize
80e2a0dc W mpc512x_serial_initialize
80e2a0dc W mpc5xx_serial_initialize
80e2a0dc W mpc8260_scc_serial_initialize
80e2a0dc W mpc8260_smc_serial_initialize
80e2a0dc W mpc85xx_serial_initialize
80e2a0dc W mpc8xx_serial_initialize
80e2a0dc W mxc_serial_initialize
80e2a0dc W mxs_auart_initialize
80e2a0dc W ns16550_serial_initialize
80e2a0dc W oc_serial_initialize
80e2a0dc W p3mx_serial_initialize
80e2a0dc W pl01x_serial_initialize
80e2a0dc W pxa_serial_initialize
80e2a0dc W s3c24xx_serial_initialize
80e2a0dc W s5p_serial_initialize
80e2a0dc W sa1100_serial_initialize
80e2a0dc W sandbox_serial_initialize
80e2a0dc W sconsole_serial_initialize
80e2a0dc W sh_serial_initialize
80e2a0dc W uartlite_serial_initialize
80e2a0dc W zynq_serial_initalize
80e2a0dc t serial_null
80e2a0e0 T serial_register
80e2a0f8 T serial_stdio_init
80e2a184 T serial_assign
80e2a1d0 T serial_initialize
80e2a2a4 T serial_init
80e2a2b8 T serial_setbrg
80e2a2cc t on_baudrate
80e2a3bc T serial_getc
80e2a3d0 T serial_tstc
80e2a3e4 T serial_putc
80e2a400 T serial_puts
80e2a41c T spi_do_alloc_slave
80e2a460 t spi_rxdword
80e2a4b0 t ak_spi_start_txrx.isra.4
80e2a50c T spi_sharepin_cfg
80e2a540 T spi_setup_slave
80e2a6e8 T spi_free_slave
80e2a6ec T spi_cs_activate
80e2a704 T spi_claim_bus
80e2a70c T spi_release_bus
80e2a710 T ak_spi_read_cpu
80e2a86c T ak_spi_write_cpu
80e2a9f0 T ak_spi_write_internal
80e2aae0 T ak_spi_read_internal
80e2ac30 T ak_spi_write
80e2acfc T ak_spi_read
80e2adb4 T spi_xfer
80e2ae9c t rgb_panel_info_cfg
80e2b118 t mipi_panel_cmd_setting
80e2b350 t mpu_recover_buswidth.isra.4
80e2b370 t mpu_set_16bit_buswidth.isra.7
80e2b3a0 t mpu_write_reg
80e2b3ec t mpu_read_reg.isra.8
80e2b4a8 T ak_get_asic_pll_clk
80e2b4dc T ak_lcd_parameter_parse_dt1
80e2b9e8 T ak_lcd_parameter_parse_dt2
80e2bea0 T ak_lcd_parameter_parse_dt3
80e2c094 T lcd_ctrl_init
80e2cd74 T lcd_enable
80e2cfb8 T lcd_disable
80e2cfe0 T wdt_enable
80e2d008 T wdt_keepalive
80e2d044 T wdt_disable
80e2d054 t downcase
80e2d084 t disk_read
80e2d0e8 t dirdelim
80e2d118 t get_fatent
80e2d274 t mkcksum
80e2d2c4 t get_cluster
80e2d434 t get_name
80e2d4e0 t read_bootsectandvi
80e2d604 t slot2str
80e2d6c0 t get_vfatname
80e2d870 T fat_set_blk_dev
80e2d93c T do_fat_read_at
80e2e40c T do_fat_read
80e2e434 T file_fat_detectfs
80e2e58c T file_fat_ls
80e2e59c T file_fat_read_at
80e2e5e4 T fat_read_file
80e2e620 T fat_close
80e2e624 t fs_probe_unsupported
80e2e63c t fs_ls_unsupported
80e2e644 t fs_read_unsupported
80e2e64c t fs_write_unsupported
80e2e654 t fs_close_unsupported
80e2e658 t fs_get_info
80e2e678 t fs_close
80e2e6a0 T fs_set_blk_dev
80e2e740 T fs_ls
80e2e77c T fs_read
80e2e800 T do_load
80e2e9e0 T do_ls
80e2ea48 T fdt_check_header
80e2eb0c T fdt_offset_ptr
80e2eb98 T fdt_next_tag
80e2ecbc T _fdt_check_node_offset
80e2ecf8 T _fdt_check_prop_offset
80e2ed34 T fdt_next_node
80e2edec T _fdt_find_string
80e2ee48 T fdt_move
80e2eea4 t _nextprop
80e2ef00 T fdt_string
80e2ef28 T fdt_get_mem_rsv
80e2eff0 T fdt_num_mem_rsv
80e2f074 T fdt_subnode_offset_namelen
80e2f148 T fdt_get_name
80e2f1d0 T fdt_first_property_offset
80e2f1f0 T fdt_next_property_offset
80e2f210 T fdt_get_property_by_offset
80e2f28c T fdt_get_property_namelen
80e2f340 T fdt_get_property
80e2f37c T fdt_getprop_namelen
80e2f39c T fdt_getprop
80e2f3d8 T fdt_get_alias_namelen
80e2f420 T fdt_path_offset
80e2f50c T fdt_supernode_atdepth_offset
80e2f5c4 T fdt_node_depth
80e2f5ec T fdt_stringlist_contains
80e2f668 T fdt_node_check_compatible
80e2f6a8 T fdt_node_offset_by_compatible
80e2f71c t _fdt_blocks_misordered
80e2f7e8 t _fdt_splice
80e2f89c t _fdt_splice_mem_rsv
80e2f944 t _fdt_splice_struct
80e2f9e0 t _fdt_packblocks
80e2fb28 t _fdt_add_property
80e2fcfc t _fdt_rw_check_header
80e2fd84 T fdt_add_mem_rsv
80e2fe70 T fdt_del_mem_rsv
80e2fee0 T fdt_setprop
80e2ffc4 T fdt_delprop
80e30028 T fdt_add_subnode_namelen
80e3012c T fdt_add_subnode
80e3015c T fdt_del_node
80e301d0 T fdt_open_into
80e3041c T fdt_strerror
80e30474 T _fdt_node_end_offset
80e304b8 T crc32_no_comp
80e30590 T crc32
80e305a4 T crc32_wd
80e305a8 T print_size
80e306d8 T print_buffer
80e30888 T __div64_32
80e30958 t get_prop_check_min_len
80e30994 T fdtdec_get_int
80e309e4 T fdtdec_get_valoffset_int
80e30a3c T fdtdec_get_is_enabled
80e30a78 T fdtdec_next_compatible
80e30a88 T fdtdec_next_compatible_subnode_sta
80e30b10 T fdtdec_prepare_fdt
80e30b54 T fdtdec_check_fdt
80e30b64 T fdtdec_get_int_array
80e30bd8 T fdtdec_get_bool
80e30bf4 T fdtdec_get_config_int
80e30c34 T fdtdec_get_config_string
80e30c70 T hang
80e30c8c t cmpkey
80e30ca0 t _hdelete.isra.1
80e30cf0 t drop_var_from_set.part.2
80e30d40 t match_string.isra.3
80e30da0 T hcreate_r
80e30e50 T hdestroy_r
80e30ec8 T hmatch_r
80e30f68 T hsearch_r
80e31444 T hdelete_r
80e3151c T hexport_r
80e3182c T himport_r
80e31b78 T hwalk_r
80e31bd0 T skip_spaces
80e31bf8 T strim
80e31c58 t lmb_add_region
80e31dfc T lmb_init
80e31e24 T lmb_add
80e31e28 T lmb_free
80e31f2c T lmb_reserve
80e31f34 T lmb_overlaps_region
80e31f8c T __lmb_alloc_base
80e32094 T lmb_alloc_base
80e320c8 T lmb_alloc
80e320d0 T __board_lmb_reserve
80e320d0 W board_lmb_reserve
80e320d4 T string_to_ip
80e32148 T qsort
80e32220 T strcmp_compar
80e3222c T strcpy
80e32244 T strncpy
80e32268 T strcmp
80e32294 T strncmp
80e322d4 T strchr
80e32300 T strlen
80e32320 T strnlen
80e3234c T strdup
80e3238c T strspn
80e323c8 T strpbrk
80e32404 T strtok
80e3248c T memset
80e324e8 T memcpy
80e32554 T memmove
80e3259c T memcmp
80e325cc T strstr
80e32638 T memchr
80e32668 T udelay
80e32698 T mdelay
80e326bc t put_dec_trunc
80e327a8 t put_dec
80e328f4 t string.isra.0
80e32988 t number.isra.4
80e32bd4 t vsnprintf_internal.isra.6
80e331e8 T simple_strtoul
80e332a0 T strict_strtoul
80e33318 T simple_strtol
80e33340 T simple_strtoull
80e3341c T vsprintf
80e33420 T sprintf
80e33448 T panic
80e3348c T simple_itoa
80e334e0 T ArpInit
80e33530 T arp_raw_request
80e335f4 T ArpRequest
80e33698 T ArpTimeoutCheck
80e33720 t BootpHandler
80e33a98 T BootpRequest
80e33cb4 t BootpTimeout
80e33cfc W cpu_eth_init
80e33cfc t __def_eth_init
80e33d04 t eth_current_changed
80e33d64 T eth_parse_enetaddr
80e33db8 T eth_getenv_enetaddr
80e33e14 T eth_setenv_enetaddr
80e33e48 T eth_getenv_enetaddr_by_index
80e33e98 T eth_get_dev_index
80e33eb4 T eth_write_hwaddr
80e3407c T eth_initialize
80e34244 T eth_halt
80e34274 T eth_send
80e342ac T eth_rx
80e342d0 T eth_try_another
80e34354 T eth_init
80e34434 T eth_set_current
80e344d8 T eth_get_name
80e344f8 t startAgainTimeout
80e3450c t dummy_handler
80e34510 t net_clear_handlers
80e34544 T net_auto_load
80e3457c T NetStartAgain
80e346d0 T net_set_udp_handler
80e346f0 T NetSetTimeout
80e34740 T NetCksum
80e34774 T NetEthHdrSize
80e347b4 T NetSetEther
80e3485c T net_set_ip_header
80e348e4 T net_set_udp_header
80e3498c T NetSendUDPPacket
80e34a98 T copy_filename
80e34adc t on_bootfile
80e34b08 T ip_to_string
80e34b5c T string_to_VLAN
80e34bb4 T getenv_VLAN
80e34bc4 t NetInitLoop
80e34cb4 T net_init
80e34d2c T NetLoop
80e35050 t ping_timeout
80e3506c T ping_start
80e35198 t TftpTimeout
80e351bc t TftpSend
80e35384 t TftpHandler
80e35718 T TftpStart
80e35a48 t _TEXT_BASE
80e35a4c T lowlevel_init
80e35a78 T board_early_init_f
80e35a88 T board_init
80e35aa0 T dram_init
80e35ac0 T board_eth_init
80e35ac8 t spl_memsize_parse
80e35b48 T flash_init
80e35c1c T write_buff
80e35c5c T spl_device_parse
80e36098 T get_mtdparts_by_partition_name
80e36114 T get_mtdparts_by_partition_flash_offset
80e361b0 T read_logo_data
80e36270 T read_dtb_data
80e36330 T raise
80e3634c T __udivsi3
80e3634c t .udivsi3_skip_div0_test
80e3634c t __aeabi_uidiv
80e363f4 t __aeabi_uidivmod
80e36414 T __divsi3
80e36414 t __aeabi_idiv
80e3641c t .divsi3_skip_div0_test
80e364f0 t __aeabi_idivmod
80e36510 T __lshrdi3
80e36510 t __aeabi_llsr
80e3652c T __ashldi3
80e3652c t __aeabi_llsl
80e36548 T __aeabi_drsub
80e36550 T __aeabi_dsub
80e36550 T __subdf3
80e36554 T __adddf3
80e36554 T __aeabi_dadd
80e36800 T __floatunsidf
80e36800 t __aeabi_ui2d
80e36824 T __aeabi_i2d
80e36824 T __floatsidf
80e3684c T __aeabi_f2d
80e3684c T __extendsfdf2
80e3688c T __aeabi_ul2d
80e3688c T __floatundidf
80e368a0 T __aeabi_l2d
80e368a0 T __floatdidf
80e36900 T __muldf3
80e36900 t __aeabi_dmul
80e36b6c T __divdf3
80e36b6c t __aeabi_ddiv
80e36d70 T __fixunsdfsi
80e36d70 t __aeabi_d2uiz
80e36dc4 T __truncdfsf2
80e36dc4 t __aeabi_d2f
80e36e64 T __aeabi_frsub
80e36e6c T __subsf3
80e36e6c t __aeabi_fsub
80e36e70 T __addsf3
80e36e70 t __aeabi_fadd
80e37000 T __aeabi_ui2f
80e37000 T __floatunsisf
80e37008 T __floatsisf
80e37008 t __aeabi_i2f
80e37028 T __aeabi_ul2f
80e37028 T __floatundisf
80e37038 T __aeabi_l2f
80e37038 T __floatdisf
80e370b4 T __mulsf3
80e370b4 t __aeabi_fmul
80e3724c T __aeabi_fdiv
80e3724c T __divsf3
80e373ac T __fixsfsi
80e373ac t __aeabi_f2iz
80e37408 t __aeabi_uldivmod
80e37444 t __aeabi_idiv0
80e37444 t __aeabi_ldiv0
80e37454 T __gnu_ldivmod_helper
80e37490 t __gnu_uldivmod_helper
80e374cc t __divdi3
80e37628 t __udivdi3
80e37730 r aanscalefactor.7845
80e377f0 r CSWTCH.110
80e378a8 r RGB_order.7448
80e378b4 r block_drvr
80e378cc r bmask
80e3790c r boot_os
80e37924 r compat_names
80e379d8 r crc_table
80e37dd8 r env_flags_varaccess_mask
80e37de8 r ext_csd_bits.7037
80e37df4 r ext_to_hostcaps.7038
80e37e00 r extra_pool_slop
80e37e08 r fdt_errtable
80e37e3c r first_pool_slop
80e37e44 r gpio_pin_dir_reg
80e37e50 r gpio_pin_out_reg
80e37e5c R jpeg_aritab
80e38024 R jpeg_natural_order
80e38164 R jpeg_natural_order2
80e381b4 R jpeg_natural_order3
80e38218 R jpeg_natural_order4
80e38298 R jpeg_natural_order5
80e3833c R jpeg_natural_order6
80e3840c R jpeg_natural_order7
80e38510 R jpeg_std_message_table
80e38710 r jpeg_zigzag_order
80e38810 r jpeg_zigzag_order2
80e38820 r jpeg_zigzag_order3
80e38844 r jpeg_zigzag_order4
80e38884 r jpeg_zigzag_order5
80e388e8 r jpeg_zigzag_order6
80e38978 r jpeg_zigzag_order7
80e38a3c r partition_name
80e38a70 r spi_buses
80e38a78 r spi_flash_params_table
80e393a8 r stage_name
80e393b8 r uimage_arch
80e394c0 r uimage_comp
80e39508 r uimage_os
80e39568 r uimage_type
80e39640 r widths.7039
80e3964c r aanscales.7837
80e397a5 r CSWTCH.62
80e397bb r __FUNCTION__.6400
80e397cb r __FUNCTION__.7379
80e397e2 r __func__.6430
80e397f1 r __func__.6568
80e397fb r __func__.6618
80e39803 r __func__.6631
80e39813 r __func__.6648
80e3981e r __func__.6660
80e39826 r __func__.6684
80e39830 r __func__.6723
80e3983c r __func__.6798
80e3984a r __func__.6832
80e39858 r __func__.6875
80e3986e r __func__.6892
80e39883 r __func__.6907
80e39890 r __func__.7021
80e3989c r __func__.7065
80e398ab r __func__.7108
80e398c5 r __func__.7126
80e398d4 r __func__.7144
80e398e7 r __func__.7163
80e398fe r __func__.7177
80e39918 r __func__.7242
80e39932 r __func__.7261
80e39940 r __func__.7348
80e3994e r __func__.7376
80e3995c r __func__.7742
80e39971 r __func__.7750
80e39983 r __func__.7846
80e39994 r __func__.7854
80e399a6 r __func__.7873
80e399b5 R _ctype
80e39ab5 r base_dither_matrix
80e39bb5 R bitmap_bytes
80e3a1a5 R default_environment
80e3a688 r delims.6505
80e3a68b r digits.6509
80e3a69b r env_flags_varaccess_rep
80e3a6a0 r env_flags_vartype_rep
80e3a6a7 r erase_seq
80e3a6ab r hex_asc
80e3a6bc r mybuffer.7164
80e3a6c0 r names.6510
80e437e0 r tab_seq
80e437e9 V version_string
80e43834 d L2_INFO_TABLE
80e43854 d DEVICE_INFO_TABLE
80e438dc D init_sequence
80e4390c d bootm_help_text
80e43c98 d cmd_bootm_sub
80e43d94 d tabs.7237
80e43db5 d root.7154
80e43db7 d fdt_help_text
80e4439c d dp_last_length
80e443a0 d curr_device
80e443a4 d mtdparts_help_text
80e44877 d env_help_text
80e44a68 d env_id
80e44a6c d cmd_env_sub
80e44b4c d av_
80e44f54 d sbrk_base
80e44f58 d trim_threshold
80e44f5c D env_htab
80e44f6c D load_addr
80e44f70 d hist_cur
80e44f74 D stdio_names
80e44f80 D ak_gpio_sharepin_as_gpio
80e454f0 d cur_dev_num
80e454f4 d status_reg_list
80e457c4 d status_reg_list
80e45894 D ak39_serial0_device
80e458c4 D ak39_serial1_device
80e458f4 D panel_info
80e45960 d fstypes
80e45990 D NetOurNativeVLAN
80e45992 D NetOurVLAN
80e45994 D NetBcastAddr
80e4599c d first_call.6687
80e459a0 d TftpTimeoutCountMax
80e459a4 D TftpRRQTimeoutCountMax
80e459a8 d TftpBlkSizeOption
80e459ac d TftpTimeoutMSecs
80e459b0 d TftpBlkSize
80e459c0 D _u_boot_list_2_cmd_2_base
80e459c0 d start.6398
80e459c0 d start.6402
80e459c0 d start.6447
80e459c0 d start.6451
80e459c0 d start.6478
80e459c0 d start.6482
80e459dc D _u_boot_list_2_cmd_2_bootm
80e459f8 D _u_boot_list_2_cmd_2_bootp
80e45a14 D _u_boot_list_2_cmd_2_chpart
80e45a30 D _u_boot_list_2_cmd_2_cls
80e45a4c D _u_boot_list_2_cmd_2_cmp
80e45a68 D _u_boot_list_2_cmd_2_cp
80e45a84 D _u_boot_list_2_cmd_2_crc32
80e45aa0 D _u_boot_list_2_cmd_2_env
80e45abc D _u_boot_list_2_cmd_2_fatinfo
80e45ad8 D _u_boot_list_2_cmd_2_fatload
80e45af4 D _u_boot_list_2_cmd_2_fatls
80e45b10 D _u_boot_list_2_cmd_2_fdt
80e45b2c D _u_boot_list_2_cmd_2_go
80e45b48 D _u_boot_list_2_cmd_2_help
80e45b64 D _u_boot_list_2_cmd_2_loop
80e45b80 D _u_boot_list_2_cmd_2_md
80e45b9c D _u_boot_list_2_cmd_2_mm
80e45bb8 D _u_boot_list_2_cmd_2_mmc
80e45bd4 D _u_boot_list_2_cmd_2_mmcinfo
80e45bf0 D _u_boot_list_2_cmd_2_mtdparts
80e45c0c D _u_boot_list_2_cmd_2_mw
80e45c28 D _u_boot_list_2_cmd_2_nm
80e45c44 D _u_boot_list_2_cmd_2_ping
80e45c60 D _u_boot_list_2_cmd_2_printenv
80e45c7c D _u_boot_list_2_cmd_2_question_mark
80e45c98 D _u_boot_list_2_cmd_2_reset
80e45cb4 D _u_boot_list_2_cmd_2_run
80e45cd0 D _u_boot_list_2_cmd_2_saveenv
80e45cec D _u_boot_list_2_cmd_2_sd_upgrade
80e45d08 D _u_boot_list_2_cmd_2_setenv
80e45d24 D _u_boot_list_2_cmd_2_sf
80e45d40 D _u_boot_list_2_cmd_2_tftpboot
80e45d5c D _u_boot_list_2_cmd_2_version
80e45d78 D _u_boot_list_2_env_clbk_2_baudrate
80e45d78 d end.6405
80e45d78 d end.6454
80e45d78 d end.6485
80e45d78 d start.6541
80e45d78 d start.6548
80e45d80 D _u_boot_list_2_env_clbk_2_bootfile
80e45d88 D _u_boot_list_2_env_clbk_2_callbacks
80e45d90 D _u_boot_list_2_env_clbk_2_console
80e45d98 D _u_boot_list_2_env_clbk_2_flags
80e45da0 D _u_boot_list_2_env_clbk_2_loadaddr
80e45da8 B __bss_base
80e45da8 B __bss_start
80e45da8 D __image_copy_end
80e45da8 D __rel_dyn_start
80e45da8 b s_L2_DMA
80e45da8 d end.6544
80e45fa8 b IRQ_HANDLER
80e460a8 B part_num
80e460ac B monitor_flash_len
80e460b0 b params
80e460b4 B images
80e461e4 b data.7128
80e465e4 B working_fdt
80e465e8 b dp_last_addr
80e465ec b base_address
80e465f0 b mm_last_size
80e465f4 b mm_last_addr
80e465f8 b dp_last_size
80e465fc b last_ids
80e4667c b initialized.7341
80e46680 B current_mtd_dev
80e46684 b last_partition
80e46694 b last_parts
80e46894 B current_mtd_partnum
80e46898 b mtdids
80e468a0 b devices
80e468a8 b flash
80e468ac b spi_blk_dev
80e46920 b fat32_size
80e46924 b fat32_offset
80e46928 b tmp_buf
80e46b28 b tmp_buf.6468
80e46d28 b ctrlc_was_pressed
80e46d2c b ctrlc_disabled
80e46d30 b max_total_mem
80e46d34 B mem_malloc_brk
80e46d38 b max_sbrked_mem
80e46d3c b current_mallinfo
80e46d64 B mem_malloc_end
80e46d68 b top_pad
80e46d6c B mem_malloc_start
80e46d70 B env_flash
80e46d74 b console_col
80e46d78 b lcd_base
80e46d7c b console_row
80e46d80 b lcd_console_address
80e46d84 b lcd_color_fg
80e46d88 B lcd_line_length
80e46d8c b lcd_color_bg
80e46d90 B lcd_is_enabled
80e46d91 b lcd_flush_dcache
80e46d94 b hist_list
80e46de4 b hist_lines
80e495f8 b hist_max
80e495fc b hist_add_idx
80e49600 b lastcommand.7242
80e49800 b initted.7377
80e49804 b hist_num
80e49808 B console_buffer
80e49a0c b devs
80e49a48 B stdio_devices
80e49a54 b mmc_devices
80e49a60 b sdhsmmc_dev
80e49eb0 B g_power_on_pin
80e49eb4 b sdhsmmc_dev_data
80e49ee4 B mtd_table
80e49f64 b flash_QE_flag
80e49f68 B sflash_mtd
80e4a018 b l2_uartbuffer_offset
80e4a01c b serial_devices
80e4a020 b serial_current
80e4a024 B fb_dev
80e4a040 B do_fat_read_at_block
80e4bee8 R __rel_dyn_end
80e4bee8 R _end
80e5a040 B get_dentfromdir_block
80e6a040 b cur_part_info
80e6a0c0 B get_contents_vfatname_block
80e7a0c0 b cur_dev
80e7a0c4 b fs_partition
80e7a114 b fs_type
80e7a118 b fs_dev_desc
80e7a11c B errno
80e7a120 B ___strtok
80e7a124 b local.6688
80e7a13c B NetArpWaitPacketIP
80e7a140 B NetArpWaitTimerStart
80e7a144 b NetArpWaitReplyIP
80e7a148 B NetArpWaitTxPacketSize
80e7a14c B NetArpWaitTry
80e7a150 b NetArpTxPacket
80e7a154 b NetArpPacketBuf
80e7a794 B NetArpWaitPacketMAC
80e7a798 B BootpTry
80e7a79c B BootpID
80e7a7a0 b first_failed.7077
80e7a7a4 b act.7082
80e7a7a8 B eth_current
80e7a7ac b env_changed_id.7083
80e7a7b0 b eth_devices
80e7a7b4 B NetOurEther
80e7a7bc B NetServerIP
80e7a7c0 b NetRestarted
80e7a7c4 B net_state
80e7a7c8 B NetRxPackets
80e7bf38 B NetBootFileSize
80e7bf3a B NetEtherNullAddr
80e7bf40 B NetRxPacket
80e7bf44 b udp_packet_handler
80e7bf48 b NetDevExists
80e7bf4c b timeStart
80e7bf50 b timeHandler
80e7bf54 b NetTryCount
80e7bf58 B NetOurDNSIP
80e7bf5c B NetOurSubnetMask
80e7bf60 B NetTxPacket
80e7bf64 B NetBootFileXferSize
80e7bf68 B NetOurIP
80e7bf6c B NetOurNISDomain
80e7bf8c B NetIPID
80e7bf90 b env_changed_id.6676
80e7bf94 B NetOurGatewayIP
80e7bf98 b arp_packet_handler
80e7bf9c B NetOurHostName
80e7bfbc B NetRestartWrap
80e7bfc0 B BootFile
80e7c040 b timeDelta
80e7c044 B NetServerEther
80e7c04a b PktBuf
810aee8a B NetOurRootPath
810aeecc B NetPingIP
810aeed0 b PingSeqNo
810aeed4 b time_start
810aeed8 b TftpTimeoutCount
810aeedc b TftpBlockWrap
810aeee0 b TftpBlock
810aeee4 b TftpOurPort
810aeee8 b TftpRemoteIP
810aeeec b TftpState
810aeef0 b TftpRemotePort
810aeef4 b default_filename
810aef01 b tftp_filename
810aef84 b TftpBlockWrapOffset
810aef88 b TftpLastBlock
810aef8c B spl_mtdparts
810aefdc B flash_info
810b9008 B __bss_end
810b9008 B __bss_limit
