lcd.c:151:6:lcd_set_flush_dcache	0	static
lcd.c:391:5:lcd_get_size	0	static
lcd.c:135:6:lcd_sync	16	static
lcd.c:158:13:console_scrollup	24	static
lcd.c:205:6:lcd_putc	0	static
lcd.c:244:6:lcd_puts	8	static
lcd.c:260:6:lcd_printf	552	static
lcd.c:404:5:drv_lcd_init	80	static
lcd.c:456:6:lcd_clear	16	static
lcd.c:500:12:do_lcd_clear	8	static
lcd.c:564:7:lcd_setmem	24	static
lcd.c:605:5:lcd_getfgcolor	0	static
lcd.c:1163:6:lcd_position_cursor	0	static
lcd.c:1169:5:lcd_get_pixel_width	0	static
lcd.c:1174:5:lcd_get_pixel_height	0	static
lcd.c:1179:5:lcd_get_screen_rows	0	static
lcd.c:1184:5:lcd_get_screen_columns	0	static
