spinand_sf_probe.c:435:12:set_feature	32	static
spinand_sf_probe.c:419:12:get_feature	24	static
spinand_sf_probe.c:455:12:wait_cmd_finish	16	static
spinand_sf_probe.c:395:4:spinand_IsInit	0	static
spinand_sf_probe.c:400:5:write_enable_spinand	24	static
spinand_sf_probe.c:409:5:write_disable_spinand	24	static
spinand_sf_probe.c:509:5:spi_nand_erase	32	static
spinand_sf_probe.c:775:5:spinand_flash_erase_inter	24	static
spinand_sf_probe.c:556:5:ecc_ctl	24	static
spinand_sf_probe.c:579:6:spi_nand_read_noecc	56	static
spinand_sf_probe.c:1330:6:spinand_isbadblock	48	static
spinand_sf_probe.c:645:5:spi_nand_read	56	static
spinand_sf_probe.c:913:5:spinand_flash_read_inter	40	static
spinand_sf_probe.c:706:5:spi_nand_write	48	static
spinand_sf_probe.c:812:5:spinand_flash_write_inter	56	static
spinand_sf_probe.c:1359:6:spinand_setbadblock	56	static
spinand_sf_probe.c:978:5:spinand_flash_read_oob	40	static
spinand_sf_probe.c:1316:6:spinand_set_no_protection	8	static
spinand_sf_probe.c:1264:23:spinand_flash_probe	120	static
spinand_sf_probe.c:1324:6:spinand_flash_free	8	static
spinand_sf_probe.c:1401:6:spinand_erase_partition	32	static
spinand_sf_probe.c:1446:6:spinand_read_partition	64	static
spinand_sf_probe.c:1522:6:spinand_read_partition_with_oob	56	static
spinand_sf_probe.c:1599:6:spinand_write_partition	72	static
spinand_sf_probe.c:1683:6:spinand_write_partition_with_oob	64	static
